#-----------------------------------------------------------
# Vivado v2025.2 (64-bit)
# SW Build 6299465 on Fri Nov 14 12:34:56 MST 2025
# IP Build 6300035 on Fri Nov 14 10:48:45 MST 2025
# SharedData Build 6298862 on Thu Nov 13 04:50:51 MST 2025
# Start of session at: Thu Aug  6 16:29:22 2026
# Process ID         : 391393
# Current directory  : /home/kokunev/data/git_root/alinx/alinx_streamer_1/alinx_pcie_axi_1
# Command line       : vivado -mode batch -source /dev/fd/62
# Log file           : /home/kokunev/data/git_root/alinx/alinx_streamer_1/alinx_pcie_axi_1/vivado.log
# Journal file       : /home/kokunev/data/git_root/alinx/alinx_streamer_1/alinx_pcie_axi_1/vivado.jou
# Running On         : emerald
# Platform           : Ubuntu
# Operating System   : Ubuntu 26.04 LTS
# Processor Detail   : 12th Gen Intel(R) Core(TM) i7-12700
# CPU Frequency      : 800.000 MHz
# CPU Physical cores : 12
# CPU Logical cores  : 20
# Host memory        : 65777 MB
# Swap memory        : 8589 MB
# Total Virtual      : 74367 MB
# Available Virtual  : 63883 MB
#-----------------------------------------------------------
WARNING: [Runs 36-547] User Strategy 'Vivado Implementation Defaults' from file '/home/kokunev/.Xilinx/Vivado/2025.2/strategies/Vivado Implementation Defaults.Vivado Implementation 2025.psg' discarded because strategy with same name already parsed from '/opt/Xilinx_2/2025.2/Vivado/strategies/VDI2025.psg'
WARNING: [Runs 36-547] User Strategy 'Vivado Implementation Defaults' from file '/home/kokunev/.Xilinx/Vivado/2025.2/strategies/Vivado Implementation Defaults_2.Vivado Implementation 2025.psg' discarded because strategy with same name already parsed from '/opt/Xilinx_2/2025.2/Vivado/strategies/VDI2025.psg'
source /dev/fd/62
INFO: [Common 17-206] Exiting Vivado at Thu Aug  6 16:29:23 2026...
