Copyright 1986-2022 Xilinx, Inc. All Rights Reserved. Copyright 2022-2025 Advanced Micro Devices, Inc. All Rights Reserved.
----------------------------------------------------------------------------------------------------------------------------------------------------------------------
| Tool Version     : Vivado v.2025.2 (lin64) Build 6299465 Fri Nov 14 12:34:56 MST 2025
| Date             : Sun Aug 16 17:50:05 2026
| Host             : emerald running 64-bit Ubuntu 26.04 LTS
| Command          : report_power -file design_1_wrapper_power_routed.rpt -pb design_1_wrapper_power_summary_routed.pb -rpx design_1_wrapper_power_routed.rpx
| Design           : design_1_wrapper
| Device           : xc7a200tfbg484-2
| Design State     : routed
| Grade            : commercial
| Process          : typical
| Characterization : Production
----------------------------------------------------------------------------------------------------------------------------------------------------------------------

Power Report

Table of Contents
-----------------
1. Summary
1.1 On-Chip Components
1.2 Power Supply Summary
1.3 Confidence Level
2. Settings
2.1 Environment
2.2 Clock Constraints
3. Detailed Reports
3.1 By Hierarchy

1. Summary
----------

+--------------------------+--------------+
| Total On-Chip Power (W)  | 0.989        |
| Design Power Budget (W)  | Unspecified* |
| Power Budget Margin (W)  | NA           |
| Dynamic (W)              | 0.837        |
| Device Static (W)        | 0.151        |
| Effective TJA (C/W)      | 2.5          |
| Max Ambient (C)          | 82.6         |
| Junction Temperature (C) | 27.4         |
| Confidence Level         | Low          |
| Setting File             | ---          |
| Simulation Activity File | ---          |
| Design Nets Matched      | NA           |
+--------------------------+--------------+
* Specify Design Power Budget using, set_operating_conditions -design_power_budget <value in Watts>


1.1 On-Chip Components
----------------------

+--------------------------+-----------+----------+-----------+-----------------+
| On-Chip                  | Power (W) | Used     | Available | Utilization (%) |
+--------------------------+-----------+----------+-----------+-----------------+
| Clocks                   |     0.126 |       11 |       --- |             --- |
| Slice Logic              |     0.046 |    45153 |       --- |             --- |
|   LUT as Logic           |     0.038 |    13607 |    133800 |           10.17 |
|   Register               |     0.003 |    20486 |    267600 |            7.66 |
|   LUT as Distributed RAM |     0.002 |     1278 |     46200 |            2.77 |
|   CARRY4                 |     0.002 |      817 |     33450 |            2.44 |
|   LUT as Shift Register  |    <0.001 |     1087 |     46200 |            2.35 |
|   F7/F8 Muxes            |    <0.001 |      371 |    133800 |            0.28 |
|   Others                 |     0.000 |     1637 |       --- |             --- |
| Signals                  |     0.062 |    32016 |       --- |             --- |
| Block RAM                |     0.102 |    106.5 |       365 |           29.18 |
| MMCM                     |     0.107 |        1 |        10 |           10.00 |
| DSPs                     |     0.002 |        3 |       740 |            0.41 |
| I/O                      |     0.002 |        4 |       285 |            1.40 |
| GTP                      |     0.343 |        2 |       --- |             --- |
| Hard IPs                 |     0.048 |        1 |       --- |             --- |
|   PCIE                   |     0.048 |        1 |         1 |          100.00 |
| Static Power             |     0.151 |          |           |                 |
| Total                    |     0.989 |          |           |                 |
+--------------------------+-----------+----------+-----------+-----------------+


1.2 Power Supply Summary
------------------------

+-----------+-------------+-----------+-------------+------------+-------------+-------------+------------+
| Source    | Voltage (V) | Total (A) | Dynamic (A) | Static (A) | Powerup (A) | Budget (A)  | Margin (A) |
+-----------+-------------+-----------+-------------+------------+-------------+-------------+------------+
| Vccint    |       1.000 |     0.459 |       0.423 |      0.035 |       NA    | Unspecified | NA         |
| Vccaux    |       1.800 |     0.090 |       0.059 |      0.031 |       NA    | Unspecified | NA         |
| Vcco33    |       3.300 |     0.006 |       0.001 |      0.005 |       NA    | Unspecified | NA         |
| Vcco25    |       2.500 |     0.000 |       0.000 |      0.000 |       NA    | Unspecified | NA         |
| Vcco18    |       1.800 |     0.000 |       0.000 |      0.000 |       NA    | Unspecified | NA         |
| Vcco15    |       1.500 |     0.000 |       0.000 |      0.000 |       NA    | Unspecified | NA         |
| Vcco135   |       1.350 |     0.000 |       0.000 |      0.000 |       NA    | Unspecified | NA         |
| Vcco12    |       1.200 |     0.000 |       0.000 |      0.000 |       NA    | Unspecified | NA         |
| Vccaux_io |       1.800 |     0.000 |       0.000 |      0.000 |       NA    | Unspecified | NA         |
| Vccbram   |       1.000 |     0.010 |       0.006 |      0.003 |       NA    | Unspecified | NA         |
| MGTAVcc   |       1.000 |     0.154 |       0.153 |      0.001 |       NA    | Unspecified | NA         |
| MGTAVtt   |       1.200 |     0.125 |       0.123 |      0.003 |       NA    | Unspecified | NA         |
| Vccadc    |       1.800 |     0.020 |       0.000 |      0.020 |       NA    | Unspecified | NA         |
+-----------+-------------+-----------+-------------+------------+-------------+-------------+------------+


1.3 Confidence Level
--------------------

+-----------------------------+------------+--------------------------------------------------------+------------------------------------------------------------------------------------------------------------+
| User Input Data             | Confidence | Details                                                | Action                                                                                                     |
+-----------------------------+------------+--------------------------------------------------------+------------------------------------------------------------------------------------------------------------+
| Design implementation state | High       | Design is routed                                       |                                                                                                            |
| Clock nodes activity        | High       | User specified more than 95% of clocks                 |                                                                                                            |
| I/O nodes activity          | Low        | More than 75% of inputs are missing user specification | Provide missing input activity with simulation results or by editing the "By Resource Type -> I/Os" view   |
| Internal nodes activity     | Medium     | User specified less than 25% of internal nodes         | Provide missing internal nodes activity with simulation results or by editing the "By Resource Type" views |
| Device models               | High       | Device models are Production                           |                                                                                                            |
|                             |            |                                                        |                                                                                                            |
| Overall confidence level    | Low        |                                                        |                                                                                                            |
+-----------------------------+------------+--------------------------------------------------------+------------------------------------------------------------------------------------------------------------+


2. Settings
-----------

2.1 Environment
---------------

+-----------------------+--------------------------+
| Ambient Temp (C)      | 25.0                     |
| ThetaJA (C/W)         | 2.5                      |
| Airflow (LFM)         | 250                      |
| Heat Sink             | medium (Medium Profile)  |
| ThetaSA (C/W)         | 4.2                      |
| Board Selection       | medium (10"x10")         |
| # of Board Layers     | 12to15 (12 to 15 Layers) |
| Board Temperature (C) | 25.0                     |
+-----------------------+--------------------------+


2.2 Clock Constraints
---------------------

+--------------------------------------------------------------------------------------------+------------------------------------------------------------------------------------------------------------------------------------------------------------------------+-----------------+
| Clock                                                                                      | Domain                                                                                                                                                                 | Constraint (ns) |
+--------------------------------------------------------------------------------------------+------------------------------------------------------------------------------------------------------------------------------------------------------------------------+-----------------+
| clk_125mhz_mux_x0y0                                                                        | design_1_i/xdma_0/inst/design_1_xdma_0_0_pcie2_to_pcie3_wrapper_i/pcie2_ip_i/inst/inst/gt_top_i/pipe_wrapper_i/pipe_clock_int.pipe_clock_i/pclk_i1_bufgctrl.pclk_i1_0  |             4.0 |
| clk_125mhz_x0y0                                                                            | design_1_i/xdma_0/inst/design_1_xdma_0_0_pcie2_to_pcie3_wrapper_i/pcie2_ip_i/inst/inst/gt_top_i/pipe_wrapper_i/pipe_clock_int.pipe_clock_i/clk_125mhz                  |             8.0 |
| clk_250mhz_mux_x0y0                                                                        | design_1_i/xdma_0/inst/design_1_xdma_0_0_pcie2_to_pcie3_wrapper_i/pcie2_ip_i/inst/inst/gt_top_i/pipe_wrapper_i/pipe_clock_int.pipe_clock_i/pclk_i1_bufgctrl.pclk_i1_0  |             4.0 |
| clk_250mhz_x0y0                                                                            | design_1_i/xdma_0/inst/design_1_xdma_0_0_pcie2_to_pcie3_wrapper_i/pcie2_ip_i/inst/inst/gt_top_i/pipe_wrapper_i/pipe_clock_int.pipe_clock_i/clk_250mhz                  |             4.0 |
| dbg_hub/inst/BSCANID.u_xsdbm_id/SWITCH_N_EXT_BSCAN.bscan_inst/SERIES7_BSCAN.bscan_inst/TCK | dbg_hub/inst/BSCANID.u_xsdbm_id/SWITCH_N_EXT_BSCAN.bscan_inst/TCK                                                                                                      |            33.0 |
| mmcm_fb                                                                                    | design_1_i/xdma_0/inst/design_1_xdma_0_0_pcie2_to_pcie3_wrapper_i/pcie2_ip_i/inst/inst/gt_top_i/pipe_wrapper_i/pipe_clock_int.pipe_clock_i/mmcm_fb                     |            10.0 |
| pcie_clk                                                                                   | pcie_clk_clk_p[0]                                                                                                                                                      |            10.0 |
| txoutclk_x0y0                                                                              | design_1_i/xdma_0/inst/design_1_xdma_0_0_pcie2_to_pcie3_wrapper_i/pcie2_ip_i/inst/inst/gt_top_i/pipe_wrapper_i/pipe_lane[0].gt_wrapper_i/gtp_channel.gtpe2_channel_i_3 |            10.0 |
| userclk1                                                                                   | design_1_i/xdma_0/inst/design_1_xdma_0_0_pcie2_to_pcie3_wrapper_i/pcie2_ip_i/inst/inst/gt_top_i/pipe_wrapper_i/pipe_clock_int.pipe_clock_i/userclk1                    |             8.0 |
+--------------------------------------------------------------------------------------------+------------------------------------------------------------------------------------------------------------------------------------------------------------------------+-----------------+


3. Detailed Reports
-------------------

3.1 By Hierarchy
----------------

+---------------------------+-----------+
| Name                      | Power (W) |
+---------------------------+-----------+
| design_1_wrapper          |     0.837 |
|   dbg_hub                 |     0.003 |
|     inst                  |     0.003 |
|       BSCANID.u_xsdbm_id  |     0.003 |
|   design_1_i              |     0.832 |
|     axi_bram_ctrl_1       |     0.001 |
|       U0                  |     0.001 |
|     axi_bram_ctrl_2       |     0.001 |
|       U0                  |     0.001 |
|     axi_interconnect_0    |     0.002 |
|       xbar                |     0.002 |
|     axis_register_slice_0 |     0.002 |
|       inst                |     0.002 |
|     blk_mem_gen_1         |     0.003 |
|       U0                  |     0.003 |
|     blk_mem_gen_2         |     0.002 |
|       U0                  |     0.002 |
|     c2h_streamer_0        |     0.007 |
|       inst                |     0.007 |
|     system_ila_1          |     0.099 |
|       inst                |     0.099 |
|     xdma_0                |     0.714 |
|       inst                |     0.714 |
+---------------------------+-----------+


