Copyright 1986-2022 Xilinx, Inc. All Rights Reserved. Copyright 2022-2025 Advanced Micro Devices, Inc. All Rights Reserved.
---------------------------------------------------------------------------------------------------------------------------------------------
| Tool Version : Vivado v.2025.2 (lin64) Build 6299465 Fri Nov 14 12:34:56 MST 2025
| Date         : Thu Aug  6 16:59:01 2026
| Host         : emerald running 64-bit Ubuntu 26.04 LTS
| Command      : report_utilization -file design_1_wrapper_utilization_synth.rpt -pb design_1_wrapper_utilization_synth.pb
| Design       : design_1_wrapper
| Device       : xc7a200tfbg484-2
| Speed File   : -2
| Design State : Synthesized
---------------------------------------------------------------------------------------------------------------------------------------------

Utilization Design Information

Table of Contents
-----------------
1. Slice Logic
1.1 Summary of Registers by Type
2. Memory
3. DSP
4. IO and GT Specific
5. Clocking
6. Specific Feature
7. Primitives
8. Black Boxes
9. Instantiated Netlists

1. Slice Logic
--------------

+----------------------------+-------+-------+------------+-----------+-------+
|          Site Type         |  Used | Fixed | Prohibited | Available | Util% |
+----------------------------+-------+-------+------------+-----------+-------+
| Slice LUTs*                | 16810 |     0 |          0 |    134600 | 12.49 |
|   LUT as Logic             | 15171 |     0 |          0 |    134600 | 11.27 |
|   LUT as Memory            |  1639 |     0 |          0 |     46200 |  3.55 |
|     LUT as Distributed RAM |  1591 |     0 |            |           |       |
|     LUT as Shift Register  |    48 |     0 |            |           |       |
| Slice Registers            | 17575 |     0 |          0 |    269200 |  6.53 |
|   Register as Flip Flop    | 17575 |     0 |          0 |    269200 |  6.53 |
|   Register as Latch        |     0 |     0 |          0 |    269200 |  0.00 |
| F7 Muxes                   |   272 |     0 |          0 |     67300 |  0.40 |
| F8 Muxes                   |    18 |     0 |          0 |     33650 |  0.05 |
| Unique Control Sets        |   518 |       |          0 |     33650 |  1.54 |
+----------------------------+-------+-------+------------+-----------+-------+
* Warning! The Final LUT count, after physical optimizations and full implementation, is typically lower. Run opt_design after synthesis, if not already completed, for a more realistic count.
Warning! LUT value is adjusted to account for LUT combining.
Warning! For any ECO changes, please run place_design if there are unplaced instances
** Note: Available Control Sets calculated as Slice * 1, Review the Control Sets Report for more information regarding control sets.


1.1 Summary of Registers by Type
--------------------------------

+-------+--------------+-------------+--------------+
| Total | Clock Enable | Synchronous | Asynchronous |
+-------+--------------+-------------+--------------+
| 0     |            _ |           - |            - |
| 0     |            _ |           - |          Set |
| 0     |            _ |           - |        Reset |
| 0     |            _ |         Set |            - |
| 0     |            _ |       Reset |            - |
| 0     |          Yes |           - |            - |
| 58    |          Yes |           - |          Set |
| 56    |          Yes |           - |        Reset |
| 167   |          Yes |         Set |            - |
| 17294 |          Yes |       Reset |            - |
+-------+--------------+-------------+--------------+


2. Memory
---------

+-------------------+------+-------+------------+-----------+-------+
|     Site Type     | Used | Fixed | Prohibited | Available | Util% |
+-------------------+------+-------+------------+-----------+-------+
| Block RAM Tile    | 26.5 |     0 |          0 |       365 |  7.26 |
|   RAMB36/FIFO*    |   23 |     0 |          0 |       365 |  6.30 |
|     RAMB36E1 only |   23 |       |            |           |       |
|   RAMB18          |    7 |     0 |          0 |       730 |  0.96 |
|     RAMB18E1 only |    7 |       |            |           |       |
+-------------------+------+-------+------------+-----------+-------+
* Note: Each Block RAM Tile only has one FIFO logic available and therefore can accommodate only one FIFO36E1 or one FIFO18E1. However, if a FIFO18E1 occupies a Block RAM Tile, that tile can still accommodate a RAMB18E1


3. DSP
------

+-----------+------+-------+------------+-----------+-------+
| Site Type | Used | Fixed | Prohibited | Available | Util% |
+-----------+------+-------+------------+-----------+-------+
| DSPs      |    0 |     0 |          0 |       740 |  0.00 |
+-----------+------+-------+------------+-----------+-------+


4. IO and GT Specific
---------------------

+-----------------------------+------+-------+------------+-----------+-------+
|          Site Type          | Used | Fixed | Prohibited | Available | Util% |
+-----------------------------+------+-------+------------+-----------+-------+
| Bonded IOB                  |    4 |     0 |          0 |       285 |  1.40 |
| Bonded IPADs                |    6 |     0 |          0 |        14 | 42.86 |
| Bonded OPADs                |    4 |     0 |          0 |         8 | 50.00 |
| PHY_CONTROL                 |    0 |     0 |          0 |        10 |  0.00 |
| PHASER_REF                  |    0 |     0 |          0 |        10 |  0.00 |
| OUT_FIFO                    |    0 |     0 |          0 |        40 |  0.00 |
| IN_FIFO                     |    0 |     0 |          0 |        40 |  0.00 |
| IDELAYCTRL                  |    0 |     0 |          0 |        10 |  0.00 |
| IBUFDS                      |    0 |     0 |          0 |       274 |  0.00 |
| GTPE2_CHANNEL               |    2 |     0 |          0 |         4 | 50.00 |
| PHASER_OUT/PHASER_OUT_PHY   |    0 |     0 |          0 |        40 |  0.00 |
| PHASER_IN/PHASER_IN_PHY     |    0 |     0 |          0 |        40 |  0.00 |
| IDELAYE2/IDELAYE2_FINEDELAY |    0 |     0 |          0 |       500 |  0.00 |
| IBUFDS_GTE2                 |    1 |     0 |          0 |         2 | 50.00 |
| ILOGIC                      |    0 |     0 |          0 |       285 |  0.00 |
| OLOGIC                      |    0 |     0 |          0 |       285 |  0.00 |
+-----------------------------+------+-------+------------+-----------+-------+


5. Clocking
-----------

+------------+------+-------+------------+-----------+-------+
|  Site Type | Used | Fixed | Prohibited | Available | Util% |
+------------+------+-------+------------+-----------+-------+
| BUFGCTRL   |    5 |     0 |          0 |        32 | 15.63 |
| BUFIO      |    0 |     0 |          0 |        40 |  0.00 |
| MMCME2_ADV |    1 |     0 |          0 |        10 | 10.00 |
| PLLE2_ADV  |    0 |     0 |          0 |        10 |  0.00 |
| BUFMRCE    |    0 |     0 |          0 |        20 |  0.00 |
| BUFHCE     |    0 |     0 |          0 |       120 |  0.00 |
| BUFR       |    0 |     0 |          0 |        40 |  0.00 |
+------------+------+-------+------------+-----------+-------+


6. Specific Feature
-------------------

+-------------+------+-------+------------+-----------+--------+
|  Site Type  | Used | Fixed | Prohibited | Available |  Util% |
+-------------+------+-------+------------+-----------+--------+
| BSCANE2     |    0 |     0 |          0 |         4 |   0.00 |
| CAPTUREE2   |    0 |     0 |          0 |         1 |   0.00 |
| DNA_PORT    |    0 |     0 |          0 |         1 |   0.00 |
| EFUSE_USR   |    0 |     0 |          0 |         1 |   0.00 |
| FRAME_ECCE2 |    0 |     0 |          0 |         1 |   0.00 |
| ICAPE2      |    0 |     0 |          0 |         2 |   0.00 |
| PCIE_2_1    |    1 |     0 |          0 |         1 | 100.00 |
| STARTUPE2   |    0 |     0 |          0 |         1 |   0.00 |
| XADC        |    0 |     0 |          0 |         1 |   0.00 |
+-------------+------+-------+------------+-----------+--------+


7. Primitives
-------------

+---------------+-------+----------------------+
|    Ref Name   |  Used |  Functional Category |
+---------------+-------+----------------------+
| FDRE          | 17294 |         Flop & Latch |
| LUT6          |  5309 |                  LUT |
| LUT3          |  4187 |                  LUT |
| LUT5          |  2935 |                  LUT |
| LUT4          |  2628 |                  LUT |
| RAMD32        |  2304 |   Distributed Memory |
| LUT2          |  1761 |                  LUT |
| LUT1          |  1531 |                  LUT |
| CARRY4        |   858 |           CarryLogic |
| RAMS32        |   722 |   Distributed Memory |
| MUXF7         |   272 |                MuxFx |
| FDSE          |   167 |         Flop & Latch |
| FDPE          |    58 |         Flop & Latch |
| FDCE          |    56 |         Flop & Latch |
| SRL16E        |    41 |   Distributed Memory |
| RAMB36E1      |    23 |         Block Memory |
| MUXF8         |    18 |                MuxFx |
| RAMS64E       |     9 |   Distributed Memory |
| SRLC32E       |     7 |   Distributed Memory |
| RAMB18E1      |     7 |         Block Memory |
| OBUF          |     7 |                   IO |
| IBUF          |     7 |                   IO |
| BUFG          |     4 |                Clock |
| GTPE2_CHANNEL |     2 |                   IO |
| PCIE_2_1      |     1 | Specialized Resource |
| MMCME2_ADV    |     1 |                Clock |
| IBUFDS_GTE2   |     1 |                   IO |
| GTPE2_COMMON  |     1 |                   IO |
| BUFGCTRL      |     1 |                Clock |
+---------------+-------+----------------------+


8. Black Boxes
--------------

+----------+------+
| Ref Name | Used |
+----------+------+


9. Instantiated Netlists
------------------------

+----------+------+
| Ref Name | Used |
+----------+------+


