#
# An unexpected error has occurred (6) Aborted
#
Stack:
/usr/lib/x86_64-linux-gnu/libc.so.6(+0x45cb0) [0x7cdbad245cb0]
/usr/lib/x86_64-linux-gnu/libc.so.6(pthread_kill+0x11c) [0x7cdbad2a642c]
/usr/lib/x86_64-linux-gnu/libc.so.6(gsignal+0x1e) [0x7cdbad245b7e]
/usr/lib/x86_64-linux-gnu/libc.so.6(abort+0x27) [0x7cdbad2288ec]
/opt/Xilinx_2/2025.2/Vivado/lib/lnx64.o/Ubuntu/libstdc++.so.6(+0x8ba13) [0x7cdbada8ba13]
/opt/Xilinx_2/2025.2/Vivado/lib/lnx64.o/Ubuntu/libstdc++.so.6(+0x91b86) [0x7cdbada91b86]
/opt/Xilinx_2/2025.2/Vivado/lib/lnx64.o/Ubuntu/libstdc++.so.6(+0x91bc1) [0x7cdbada91bc1]
/opt/Xilinx_2/2025.2/Vivado/lib/lnx64.o/libxv_common.so(hdi::tcltasks::detail::collection_wrapper_base::~collection_wrapper_base()+0x27f) [0x7cdbb89ff6f5]
/opt/Xilinx_2/2025.2/Vivado/lib/lnx64.o/libxv_common.so(+0x7118d5) [0x7cdbb8b118d5]
/opt/Xilinx_2/2025.2/Vivado/lib/lnx64.o/libxv_common.so(hdi::tcltasks::detail::collection_wrapper_base::decr_ref() const+0x27) [0x7cdbb89fc7db]
/opt/Xilinx_2/2025.2/Vivado/lib/lnx64.o/libxv_tcltasks.so(+0x1109c78) [0x7cdba7109c78]
/opt/Xilinx_2/2025.2/Vivado/lib/lnx64.o/libxv_tcltasks.so(+0x1104212) [0x7cdba7104212]
/opt/Xilinx_2/2025.2/Vivado/lib/lnx64.o/libxv_tcltasks.so(+0x1104261) [0x7cdba7104261]
/opt/Xilinx_2/2025.2/Vivado/lib/lnx64.o/libboost_program_options.so.1.72.0(boost::program_options::option_description::~option_description()+0xd1) [0x7cdbb8374be1]
/opt/Xilinx_2/2025.2/Vivado/lib/lnx64.o/libboost_program_options.so.1.72.0(boost::program_options::option_description::~option_description()+0x11) [0x7cdbb8374c31]
/opt/Xilinx_2/2025.2/Vivado/lib/lnx64.o/libxv_common.so(boost::detail::sp_counted_impl_p<boost::program_options::option_description>::dispose()+0x13) [0x7cdbb8cf3d3b]
/opt/Xilinx_2/2025.2/Vivado/lib/lnx64.o/libxv_common.so(+0x42fc24) [0x7cdbb882fc24]
/opt/Xilinx_2/2025.2/Vivado/lib/lnx64.o/libxv_common.so(hdi::tcltasks::options_description::~options_description()+0xe1) [0x7cdbb8da9bb3]
/usr/lib/x86_64-linux-gnu/libc.so.6(+0x485e1) [0x7cdbad2485e1]
/usr/lib/x86_64-linux-gnu/libc.so.6(+0x486be) [0x7cdbad2486be]
/opt/Xilinx_2/2025.2/Vivado/lib/lnx64.o/libxv_synth.so(HARTSInfo::periodicalDetect()+0xfb) [0x7cdb9bd6c8eb]
/opt/Xilinx_2/2025.2/Vivado/lib/lnx64.o/libxv_common.so(std::thread::_State_impl<std::thread::_Invoker<std::tuple<void (*)()> > >::_M_run()+0x7) [0x7cdbb8c19fbf]
/opt/Xilinx_2/2025.2/Vivado/lib/lnx64.o/Ubuntu/libstdc++.so.6(+0xbadff) [0x7cdbadabadff]
/usr/lib/x86_64-linux-gnu/libc.so.6(+0xa407a) [0x7cdbad2a407a]
/usr/lib/x86_64-linux-gnu/libc.so.6(+0x13772c) [0x7cdbad33772c]
