
****** Vivado v2025.2 (64-bit)
  **** SW Build 6299465 on Fri Nov 14 12:34:56 MST 2025
  **** IP Build 6300035 on Fri Nov 14 10:48:45 MST 2025
  **** SharedData Build 6298862 on Thu Nov 13 04:50:51 MST 2025
  **** Start of session at: Tue Aug 11 19:29:08 2026
    ** Copyright 1986-2022 Xilinx, Inc. All Rights Reserved.
    ** Copyright 2022-2025 Advanced Micro Devices, Inc. All Rights Reserved.

WARNING: [Runs 36-547] User Strategy 'Vivado Implementation Defaults' from file '/home/kokunev/.Xilinx/Vivado/2025.2/strategies/Vivado Implementation Defaults.Vivado Implementation 2025.psg' discarded because strategy with same name already parsed from '/opt/Xilinx_2/2025.2/Vivado/strategies/VDI2025.psg'
WARNING: [Runs 36-547] User Strategy 'Vivado Implementation Defaults' from file '/home/kokunev/.Xilinx/Vivado/2025.2/strategies/Vivado Implementation Defaults_2.Vivado Implementation 2025.psg' discarded because strategy with same name already parsed from '/opt/Xilinx_2/2025.2/Vivado/strategies/VDI2025.psg'
source scripts/create_design_1.tcl
# set script_dir [file normalize [file dirname [info script]]]
# set proj_dir   [file normalize $script_dir/..]
# set rtl_dir    [file join $proj_dir alinx_pcie_axi_1.srcs sources_1 rtl]
# set bd_src_dir [file join $proj_dir alinx_pcie_axi_1.srcs sources_1 bd design_1]
# set bd_gen_dir [file join $proj_dir alinx_pcie_axi_1.gen sources_1 bd design_1]
# set xpr_path   [file join $proj_dir alinx_pcie_axi_1.xpr]
# puts "============================================================"
============================================================
# puts " create_design_1.tcl"
 create_design_1.tcl
# puts " Project: $xpr_path"
 Project: /home/kokunev/data/git_root/alinx/alinx_streamer_1/alinx_pcie_axi_1/alinx_pcie_axi_1.xpr
# puts "============================================================"
============================================================
# if {![file exists $xpr_path]} {
#     error "Project not found: $xpr_path"
# }
# open_project $xpr_path
WARNING: [BD 41-2576] File '/home/kokunev/data/git_root/alinx/alinx_streamer_1/alinx_pcie_axi_1/alinx_pcie_axi_1.srcs/sources_1/bd/design_1/ip/design_1_axi_interconnect_0_imp_auto_pc_0/design_1_axi_interconnect_0_imp_auto_pc_0.xci' referenced by design 'design_1' could not be found.
Scanning sources...
Finished scanning sources
WARNING: [Board 49-26] cannot add Board Part xilinx.com:emb-plus-vpr-4616:part0:1.0 available at /opt/Xilinx_2/2025.2/data/xhub/boards/XilinxBoardStore/boards/Xilinx/emb-plus-vpr-4616/1.0/board.xml as part xcve2302-sfva784-2mp-e-s specified in board_part file is either invalid or not available
WARNING: [Board 49-26] cannot add Board Part xilinx.com:emb-plus-vpr-4616:part0:1.1 available at /opt/Xilinx_2/2025.2/data/xhub/boards/XilinxBoardStore/boards/Xilinx/emb-plus-vpr-4616/1.1/board.xml as part xcve2302-sfva784-2mp-e-s specified in board_part file is either invalid or not available
WARNING: [Board 49-26] cannot add Board Part xilinx.com:k24c:part0:1.0 available at /opt/Xilinx_2/2025.2/data/xhub/boards/XilinxBoardStore/boards/Xilinx/k24c/1.0/board.xml as part xck24-ubva530-2lv-c specified in board_part file is either invalid or not available
WARNING: [Board 49-26] cannot add Board Part xilinx.com:k24c:part0:1.1 available at /opt/Xilinx_2/2025.2/data/xhub/boards/XilinxBoardStore/boards/Xilinx/k24c/1.1/board.xml as part xck24-ubva530-2lv-c specified in board_part file is either invalid or not available
WARNING: [Board 49-26] cannot add Board Part xilinx.com:k24i:part0:1.0 available at /opt/Xilinx_2/2025.2/data/xhub/boards/XilinxBoardStore/boards/Xilinx/k24i/1.0/board.xml as part xck24-ubva530-2lvi-i specified in board_part file is either invalid or not available
WARNING: [Board 49-26] cannot add Board Part xilinx.com:k26c:part0:1.2 available at /opt/Xilinx_2/2025.2/data/xhub/boards/XilinxBoardStore/boards/Xilinx/k26c/1.2/board.xml as part xck26-sfvc784-2lv-c specified in board_part file is either invalid or not available
WARNING: [Board 49-26] cannot add Board Part xilinx.com:k26c:part0:1.3 available at /opt/Xilinx_2/2025.2/data/xhub/boards/XilinxBoardStore/boards/Xilinx/k26c/1.3/board.xml as part xck26-sfvc784-2lv-c specified in board_part file is either invalid or not available
WARNING: [Board 49-26] cannot add Board Part xilinx.com:k26c:part0:1.4 available at /opt/Xilinx_2/2025.2/data/xhub/boards/XilinxBoardStore/boards/Xilinx/k26c/1.4/board.xml as part xck26-sfvc784-2lv-c specified in board_part file is either invalid or not available
WARNING: [Board 49-26] cannot add Board Part xilinx.com:k26i:part0:1.2 available at /opt/Xilinx_2/2025.2/data/xhub/boards/XilinxBoardStore/boards/Xilinx/k26i/1.2/board.xml as part xck26-sfvc784-2lvi-i specified in board_part file is either invalid or not available
WARNING: [Board 49-26] cannot add Board Part xilinx.com:k26i:part0:1.3 available at /opt/Xilinx_2/2025.2/data/xhub/boards/XilinxBoardStore/boards/Xilinx/k26i/1.3/board.xml as part xck26-sfvc784-2lvi-i specified in board_part file is either invalid or not available
WARNING: [Board 49-26] cannot add Board Part xilinx.com:k26i:part0:1.4 available at /opt/Xilinx_2/2025.2/data/xhub/boards/XilinxBoardStore/boards/Xilinx/k26i/1.4/board.xml as part xck26-sfvc784-2lvi-i specified in board_part file is either invalid or not available
WARNING: [Board 49-26] cannot add Board Part xilinx.com:kc705:part0:1.6 available at /opt/Xilinx_2/2025.2/data/xhub/boards/XilinxBoardStore/boards/Xilinx/kc705/1.6/board.xml as part xc7k325tffg900-2 specified in board_part file is either invalid or not available
WARNING: [Board 49-26] cannot add Board Part xilinx.com:kc705:part0:1.7 available at /opt/Xilinx_2/2025.2/data/xhub/boards/XilinxBoardStore/boards/Xilinx/kc705/1.7/board.xml as part xc7k325tffg900-2 specified in board_part file is either invalid or not available
WARNING: [Board 49-26] cannot add Board Part xilinx.com:kcu105:part0:1.6 available at /opt/Xilinx_2/2025.2/data/xhub/boards/XilinxBoardStore/boards/Xilinx/kcu105/1.6/board.xml as part xcku040-ffva1156-2-e specified in board_part file is either invalid or not available
WARNING: [Board 49-26] cannot add Board Part xilinx.com:kcu105:part0:1.7 available at /opt/Xilinx_2/2025.2/data/xhub/boards/XilinxBoardStore/boards/Xilinx/kcu105/1.7/board.xml as part xcku040-ffva1156-2-e specified in board_part file is either invalid or not available
WARNING: [Board 49-26] cannot add Board Part xilinx.com:kcu116:part0:1.4 available at /opt/Xilinx_2/2025.2/data/xhub/boards/XilinxBoardStore/boards/Xilinx/kcu116/1.4/board.xml as part xcku5p-ffvb676-2-e specified in board_part file is either invalid or not available
WARNING: [Board 49-26] cannot add Board Part xilinx.com:kcu116:part0:1.5 available at /opt/Xilinx_2/2025.2/data/xhub/boards/XilinxBoardStore/boards/Xilinx/kcu116/1.5/board.xml as part xcku5p-ffvb676-2-e specified in board_part file is either invalid or not available
WARNING: [Board 49-26] cannot add Board Part xilinx.com:kcu1500:part0:1.2 available at /opt/Xilinx_2/2025.2/data/xhub/boards/XilinxBoardStore/boards/Xilinx/kcu1500/1.2/board.xml as part xcku115-flvb2104-2-e specified in board_part file is either invalid or not available
WARNING: [Board 49-26] cannot add Board Part xilinx.com:kd240_som:part0:1.0 available at /opt/Xilinx_2/2025.2/data/xhub/boards/XilinxBoardStore/boards/Xilinx/kd240_som/1.0/board.xml as part xck24-ubva530-2lv-c specified in board_part file is either invalid or not available
WARNING: [Board 49-26] cannot add Board Part xilinx.com:kd240_som:part0:1.1 available at /opt/Xilinx_2/2025.2/data/xhub/boards/XilinxBoardStore/boards/Xilinx/kd240_som/1.1/board.xml as part xck24-ubva530-2lv-c specified in board_part file is either invalid or not available
WARNING: [Board 49-26] cannot add Board Part xilinx.com:kr260_som:part0:1.0 available at /opt/Xilinx_2/2025.2/data/xhub/boards/XilinxBoardStore/boards/Xilinx/kr260_som/1.0/board.xml as part xck26-sfvc784-2lv-c specified in board_part file is either invalid or not available
WARNING: [Board 49-26] cannot add Board Part xilinx.com:kr260_som:part0:1.1 available at /opt/Xilinx_2/2025.2/data/xhub/boards/XilinxBoardStore/boards/Xilinx/kr260_som/1.1/board.xml as part xck26-sfvc784-2lv-c specified in board_part file is either invalid or not available
WARNING: [Board 49-26] cannot add Board Part xilinx.com:kv260_som:part0:1.2 available at /opt/Xilinx_2/2025.2/data/xhub/boards/XilinxBoardStore/boards/Xilinx/kv260_som/1.2/board.xml as part xck26-sfvc784-2lv-c specified in board_part file is either invalid or not available
WARNING: [Board 49-26] cannot add Board Part xilinx.com:kv260_som:part0:1.3 available at /opt/Xilinx_2/2025.2/data/xhub/boards/XilinxBoardStore/boards/Xilinx/kv260_som/1.3/board.xml as part xck26-sfvc784-2lv-c specified in board_part file is either invalid or not available
WARNING: [Board 49-26] cannot add Board Part xilinx.com:kv260_som:part0:1.4 available at /opt/Xilinx_2/2025.2/data/xhub/boards/XilinxBoardStore/boards/Xilinx/kv260_som/1.4/board.xml as part xck26-sfvc784-2lv-c specified in board_part file is either invalid or not available
WARNING: [Board 49-26] cannot add Board Part xilinx.com:v80:part0:1.0 available at /opt/Xilinx_2/2025.2/data/xhub/boards/XilinxBoardStore/boards/Xilinx/v80/1.0/board.xml as part xcv80-lsva4737-2mhp-e-s specified in board_part file is either invalid or not available
WARNING: [Board 49-26] cannot add Board Part xilinx.com:vc707:part0:1.4 available at /opt/Xilinx_2/2025.2/data/xhub/boards/XilinxBoardStore/boards/Xilinx/vc707/1.4/board.xml as part xc7vx485tffg1761-2 specified in board_part file is either invalid or not available
WARNING: [Board 49-26] cannot add Board Part xilinx.com:vc707:part0:1.5 available at /opt/Xilinx_2/2025.2/data/xhub/boards/XilinxBoardStore/boards/Xilinx/vc707/1.5/board.xml as part xc7vx485tffg1761-2 specified in board_part file is either invalid or not available
WARNING: [Board 49-26] cannot add Board Part xilinx.com:vc709:part0:1.8 available at /opt/Xilinx_2/2025.2/data/xhub/boards/XilinxBoardStore/boards/Xilinx/vc709/1.8/board.xml as part xc7vx690tffg1761-2 specified in board_part file is either invalid or not available
WARNING: [Board 49-26] cannot add Board Part xilinx.com:vck190:part0:2.2 available at /opt/Xilinx_2/2025.2/data/xhub/boards/XilinxBoardStore/boards/Xilinx/vck190/production/2.2/board.xml as part xcvc1902-vsva2197-2mp-e-s specified in board_part file is either invalid or not available
WARNING: [Board 49-26] cannot add Board Part xilinx.com:vck190:part0:3.0 available at /opt/Xilinx_2/2025.2/data/xhub/boards/XilinxBoardStore/boards/Xilinx/vck190/production/3.0/board.xml as part xcvc1902-vsva2197-2mp-e-s specified in board_part file is either invalid or not available
WARNING: [Board 49-26] cannot add Board Part xilinx.com:vck190:part0:3.1 available at /opt/Xilinx_2/2025.2/data/xhub/boards/XilinxBoardStore/boards/Xilinx/vck190/production/3.1/board.xml as part xcvc1902-vsva2197-2mp-e-s specified in board_part file is either invalid or not available
WARNING: [Board 49-26] cannot add Board Part xilinx.com:vck190:part0:3.2 available at /opt/Xilinx_2/2025.2/data/xhub/boards/XilinxBoardStore/boards/Xilinx/vck190/production/3.2/board.xml as part xcvc1902-vsva2197-2mp-e-s specified in board_part file is either invalid or not available
WARNING: [Board 49-26] cannot add Board Part xilinx.com:vck190:part0:3.3 available at /opt/Xilinx_2/2025.2/data/xhub/boards/XilinxBoardStore/boards/Xilinx/vck190/production/3.3/board.xml as part xcvc1902-vsva2197-2mp-e-s specified in board_part file is either invalid or not available
WARNING: [Board 49-26] cannot add Board Part xilinx.com:vck190:part0:3.4 available at /opt/Xilinx_2/2025.2/data/xhub/boards/XilinxBoardStore/boards/Xilinx/vck190/production/3.4/board.xml as part xcvc1902-vsva2197-2mp-e-s specified in board_part file is either invalid or not available
WARNING: [Board 49-26] cannot add Board Part xilinx.com:vck190_newl:part0:1.0 available at /opt/Xilinx_2/2025.2/data/xhub/boards/XilinxBoardStore/boards/Xilinx/vck190_newl/production/1.0/board.xml as part xcvc1902-vsva2197-2mp-e-s specified in board_part file is either invalid or not available
WARNING: [Board 49-26] cannot add Board Part xilinx.com:vck190_newl:part0:1.1 available at /opt/Xilinx_2/2025.2/data/xhub/boards/XilinxBoardStore/boards/Xilinx/vck190_newl/production/1.1/board.xml as part xcvc1902-vsva2197-2mp-e-s specified in board_part file is either invalid or not available
WARNING: [Board 49-26] cannot add Board Part xilinx.com:vck190_newl:part0:1.2 available at /opt/Xilinx_2/2025.2/data/xhub/boards/XilinxBoardStore/boards/Xilinx/vck190_newl/production/1.2/board.xml as part xcvc1902-vsva2197-2mp-e-s specified in board_part file is either invalid or not available
WARNING: [Board 49-26] cannot add Board Part xilinx.com:vck190_newl:part0:1.3 available at /opt/Xilinx_2/2025.2/data/xhub/boards/XilinxBoardStore/boards/Xilinx/vck190_newl/production/1.3/board.xml as part xcvc1902-vsva2197-2mp-e-s specified in board_part file is either invalid or not available
WARNING: [Board 49-26] cannot add Board Part xilinx.com:vcu108:part0:1.6 available at /opt/Xilinx_2/2025.2/data/xhub/boards/XilinxBoardStore/boards/Xilinx/vcu108/1.6/board.xml as part xcvu095-ffva2104-2-e specified in board_part file is either invalid or not available
WARNING: [Board 49-26] cannot add Board Part xilinx.com:vcu108:part0:1.7 available at /opt/Xilinx_2/2025.2/data/xhub/boards/XilinxBoardStore/boards/Xilinx/vcu108/1.7/board.xml as part xcvu095-ffva2104-2-e specified in board_part file is either invalid or not available
WARNING: [Board 49-26] cannot add Board Part xilinx.com:vcu110:part0:1.4 available at /opt/Xilinx_2/2025.2/data/xhub/boards/XilinxBoardStore/boards/Xilinx/vcu110/1.4/board.xml as part xcvu190-flgc2104-2-e specified in board_part file is either invalid or not available
WARNING: [Board 49-26] cannot add Board Part xilinx.com:vcu118:part0:2.0 available at /opt/Xilinx_2/2025.2/data/xhub/boards/XilinxBoardStore/boards/Xilinx/vcu118/2.0/board.xml as part xcvu9p-flga2104-2l-e specified in board_part file is either invalid or not available
WARNING: [Board 49-26] cannot add Board Part xilinx.com:vcu118:part0:2.3 available at /opt/Xilinx_2/2025.2/data/xhub/boards/XilinxBoardStore/boards/Xilinx/vcu118/2.3/board.xml as part xcvu9p-flga2104-2l-e specified in board_part file is either invalid or not available
WARNING: [Board 49-26] cannot add Board Part xilinx.com:vcu118:part0:2.4 available at /opt/Xilinx_2/2025.2/data/xhub/boards/XilinxBoardStore/boards/Xilinx/vcu118/2.4/board.xml as part xcvu9p-flga2104-2l-e specified in board_part file is either invalid or not available
WARNING: [Board 49-26] cannot add Board Part xilinx.com:vcu128:part0:1.0 available at /opt/Xilinx_2/2025.2/data/xhub/boards/XilinxBoardStore/boards/Xilinx/vcu128/production/1.0/board.xml as part xcvu37p-fsvh2892-2l-e specified in board_part file is either invalid or not available
WARNING: [Board 49-26] cannot add Board Part xilinx.com:vcu129:part0:1.0 available at /opt/Xilinx_2/2025.2/data/xhub/boards/XilinxBoardStore/boards/Xilinx/vcu129/production/1.0/board.xml as part xcvu29p-fsga2577-2l-e specified in board_part file is either invalid or not available
WARNING: [Board 49-26] cannot add Board Part xilinx.com:vcu1525:part0:1.3 available at /opt/Xilinx_2/2025.2/data/xhub/boards/XilinxBoardStore/boards/Xilinx/vcu1525/1.3/board.xml as part xcvu9p-fsgd2104-2l-e specified in board_part file is either invalid or not available
WARNING: [Board 49-26] cannot add Board Part xilinx.com:vek280:part0:1.0 available at /opt/Xilinx_2/2025.2/data/xhub/boards/XilinxBoardStore/boards/Xilinx/vek280/production/1.0/board.xml as part xcve2802-vsvh1760-2mp-e-s specified in board_part file is either invalid or not available
WARNING: [Board 49-26] cannot add Board Part xilinx.com:vek280:part0:1.1 available at /opt/Xilinx_2/2025.2/data/xhub/boards/XilinxBoardStore/boards/Xilinx/vek280/production/1.1/board.xml as part xcve2802-vsvh1760-2mp-e-s specified in board_part file is either invalid or not available
WARNING: [Board 49-26] cannot add Board Part xilinx.com:vek280:part0:1.2 available at /opt/Xilinx_2/2025.2/data/xhub/boards/XilinxBoardStore/boards/Xilinx/vek280/production/1.2/board.xml as part xcve2802-vsvh1760-2mp-e-s specified in board_part file is either invalid or not available
WARNING: [Board 49-26] cannot add Board Part xilinx.com:vek385:part0:1.0 available at /opt/Xilinx_2/2025.2/data/xhub/boards/XilinxBoardStore/boards/Xilinx/vek385/1.0/board.xml as part xc2ve3858-ssva2112-2mp-e-s specified in board_part file is either invalid or not available
WARNING: [Board 49-26] cannot add Board Part xilinx.com:vek385:part0:1.1 available at /opt/Xilinx_2/2025.2/data/xhub/boards/XilinxBoardStore/boards/Xilinx/vek385/1.1/board.xml as part xc2ve3858-ssva2112-2mp-e-s specified in board_part file is either invalid or not available
WARNING: [Board 49-26] cannot add Board Part xilinx.com:vek385_1:part0:1.0 available at /opt/Xilinx_2/2025.2/data/xhub/boards/XilinxBoardStore/boards/Xilinx/vek385_2/1.0/board.xml as part xc2ve3858-ssva2112-2mp-e-s specified in board_part file is either invalid or not available
WARNING: [Board 49-26] cannot add Board Part xilinx.com:vermeo_t1_mpsoc:part0:1.0 available at /opt/Xilinx_2/2025.2/data/xhub/boards/XilinxBoardStore/boards/Xilinx/vermeo_t1_mpsoc/1.0/board.xml as part xczu19eg-ffvd1760-2l-e specified in board_part file is either invalid or not available
WARNING: [Board 49-26] cannot add Board Part xilinx.com:vermeo_t1_rfsoc:part0:1.0 available at /opt/Xilinx_2/2025.2/data/xhub/boards/XilinxBoardStore/boards/Xilinx/vermeo_t1_rfsoc/1.0/board.xml as part xczu21dr-ffvd1156-2l-e specified in board_part file is either invalid or not available
WARNING: [Board 49-26] cannot add Board Part xilinx.com:vhk158:part0:1.0 available at /opt/Xilinx_2/2025.2/data/xhub/boards/XilinxBoardStore/boards/Xilinx/vhk158/production/1.0/board.xml as part xcvh1582-vsva3697-2mp-e-s specified in board_part file is either invalid or not available
WARNING: [Board 49-26] cannot add Board Part xilinx.com:vhk158:part0:1.1 available at /opt/Xilinx_2/2025.2/data/xhub/boards/XilinxBoardStore/boards/Xilinx/vhk158/production/1.1/board.xml as part xcvh1582-vsva3697-2mp-e-s specified in board_part file is either invalid or not available
WARNING: [Board 49-26] cannot add Board Part xilinx.com:vhk158:part0:1.2 available at /opt/Xilinx_2/2025.2/data/xhub/boards/XilinxBoardStore/boards/Xilinx/vhk158/production/1.2/board.xml as part xcvh1582-vsva3697-2mp-e-s specified in board_part file is either invalid or not available
WARNING: [Board 49-26] cannot add Board Part xilinx.com:vmk180:part0:2.2 available at /opt/Xilinx_2/2025.2/data/xhub/boards/XilinxBoardStore/boards/Xilinx/vmk180/production/2.2/board.xml as part xcvm1802-vsva2197-2mp-e-s specified in board_part file is either invalid or not available
WARNING: [Board 49-26] cannot add Board Part xilinx.com:vmk180:part0:3.0 available at /opt/Xilinx_2/2025.2/data/xhub/boards/XilinxBoardStore/boards/Xilinx/vmk180/production/3.0/board.xml as part xcvm1802-vsva2197-2mp-e-s specified in board_part file is either invalid or not available
WARNING: [Board 49-26] cannot add Board Part xilinx.com:vmk180:part0:3.1 available at /opt/Xilinx_2/2025.2/data/xhub/boards/XilinxBoardStore/boards/Xilinx/vmk180/production/3.1/board.xml as part xcvm1802-vsva2197-2mp-e-s specified in board_part file is either invalid or not available
WARNING: [Board 49-26] cannot add Board Part xilinx.com:vmk180:part0:3.2 available at /opt/Xilinx_2/2025.2/data/xhub/boards/XilinxBoardStore/boards/Xilinx/vmk180/production/3.2/board.xml as part xcvm1802-vsva2197-2mp-e-s specified in board_part file is either invalid or not available
WARNING: [Board 49-26] cannot add Board Part xilinx.com:vmk180:part0:3.3 available at /opt/Xilinx_2/2025.2/data/xhub/boards/XilinxBoardStore/boards/Xilinx/vmk180/production/3.3/board.xml as part xcvm1802-vsva2197-2mp-e-s specified in board_part file is either invalid or not available
WARNING: [Board 49-26] cannot add Board Part xilinx.com:vmk180_newl:part0:1.0 available at /opt/Xilinx_2/2025.2/data/xhub/boards/XilinxBoardStore/boards/Xilinx/vmk180_newl/production/1.0/board.xml as part xcvm1802-vsva2197-2mp-e-s specified in board_part file is either invalid or not available
WARNING: [Board 49-26] cannot add Board Part xilinx.com:vmk180_newl:part0:1.1 available at /opt/Xilinx_2/2025.2/data/xhub/boards/XilinxBoardStore/boards/Xilinx/vmk180_newl/production/1.1/board.xml as part xcvm1802-vsva2197-2mp-e-s specified in board_part file is either invalid or not available
WARNING: [Board 49-26] cannot add Board Part xilinx.com:vpk120:part0:1.0 available at /opt/Xilinx_2/2025.2/data/xhub/boards/XilinxBoardStore/boards/Xilinx/vpk120/production/1.0/board.xml as part xcvp1202-vsva2785-2mp-e-s specified in board_part file is either invalid or not available
WARNING: [Board 49-26] cannot add Board Part xilinx.com:vpk120:part0:1.1 available at /opt/Xilinx_2/2025.2/data/xhub/boards/XilinxBoardStore/boards/Xilinx/vpk120/production/1.1/board.xml as part xcvp1202-vsva2785-2mp-e-s specified in board_part file is either invalid or not available
WARNING: [Board 49-26] cannot add Board Part xilinx.com:vpk120:part0:1.2 available at /opt/Xilinx_2/2025.2/data/xhub/boards/XilinxBoardStore/boards/Xilinx/vpk120/production/1.2/board.xml as part xcvp1202-vsva2785-2mp-e-s specified in board_part file is either invalid or not available
WARNING: [Board 49-26] cannot add Board Part xilinx.com:vpk180:part0:1.0 available at /opt/Xilinx_2/2025.2/data/xhub/boards/XilinxBoardStore/boards/Xilinx/vpk180/production/1.0/board.xml as part xcvp1802-lsvc4072-2mp-e-s specified in board_part file is either invalid or not available
WARNING: [Board 49-26] cannot add Board Part xilinx.com:vpk180:part0:1.1 available at /opt/Xilinx_2/2025.2/data/xhub/boards/XilinxBoardStore/boards/Xilinx/vpk180/production/1.1/board.xml as part xcvp1802-lsvc4072-2mp-e-s specified in board_part file is either invalid or not available
WARNING: [Board 49-26] cannot add Board Part xilinx.com:vpk180:part0:1.2 available at /opt/Xilinx_2/2025.2/data/xhub/boards/XilinxBoardStore/boards/Xilinx/vpk180/production/1.2/board.xml as part xcvp1802-lsvc4072-2mp-e-s specified in board_part file is either invalid or not available
WARNING: [Board 49-26] cannot add Board Part xilinx.com:vrk160:part0:1.0 available at /opt/Xilinx_2/2025.2/data/xhub/boards/XilinxBoardStore/boards/Xilinx/vrk160/1.0/board.xml as part xcvr1602-vsva2488-2mp-e-s-es1 specified in board_part file is either invalid or not available
WARNING: [Board 49-26] cannot add Board Part xilinx.com:vrk160:part0:1.1 available at /opt/Xilinx_2/2025.2/data/xhub/boards/XilinxBoardStore/boards/Xilinx/vrk160/1.1/board.xml as part xcvr1602-vsva2488-2mp-e-s-es1 specified in board_part file is either invalid or not available
WARNING: [Board 49-26] cannot add Board Part xilinx.com:zc702:part0:1.4 available at /opt/Xilinx_2/2025.2/data/xhub/boards/XilinxBoardStore/boards/Xilinx/zc702/1.4/board.xml as part xc7z020clg484-1 specified in board_part file is either invalid or not available
WARNING: [Board 49-26] cannot add Board Part xilinx.com:zc706:part0:1.4 available at /opt/Xilinx_2/2025.2/data/xhub/boards/XilinxBoardStore/boards/Xilinx/zc706/1.4/board.xml as part xc7z045ffg900-2 specified in board_part file is either invalid or not available
WARNING: [Board 49-26] cannot add Board Part xilinx.com:zc706:part0:1.5 available at /opt/Xilinx_2/2025.2/data/xhub/boards/XilinxBoardStore/boards/Xilinx/zc706/1.5/board.xml as part xc7z045ffg900-2 specified in board_part file is either invalid or not available
WARNING: [Board 49-26] cannot add Board Part xilinx.com:zcu102:part0:3.3 available at /opt/Xilinx_2/2025.2/data/xhub/boards/XilinxBoardStore/boards/Xilinx/zcu102/3.3/board.xml as part xczu9eg-ffvb1156-2-e specified in board_part file is either invalid or not available
WARNING: [Board 49-26] cannot add Board Part xilinx.com:zcu102:part0:3.4 available at /opt/Xilinx_2/2025.2/data/xhub/boards/XilinxBoardStore/boards/Xilinx/zcu102/3.4/board.xml as part xczu9eg-ffvb1156-2-e specified in board_part file is either invalid or not available
WARNING: [Board 49-26] cannot add Board Part xilinx.com:zcu104:part0:1.1 available at /opt/Xilinx_2/2025.2/data/xhub/boards/XilinxBoardStore/boards/Xilinx/zcu104/1.1/board.xml as part xczu7ev-ffvc1156-2-e specified in board_part file is either invalid or not available
WARNING: [Board 49-26] cannot add Board Part xilinx.com:zcu106:part0:2.4 available at /opt/Xilinx_2/2025.2/data/xhub/boards/XilinxBoardStore/boards/Xilinx/zcu106/2.4/board.xml as part xczu7ev-ffvc1156-2-e specified in board_part file is either invalid or not available
WARNING: [Board 49-26] cannot add Board Part xilinx.com:zcu106:part0:2.5 available at /opt/Xilinx_2/2025.2/data/xhub/boards/XilinxBoardStore/boards/Xilinx/zcu106/2.5/board.xml as part xczu7ev-ffvc1156-2-e specified in board_part file is either invalid or not available
WARNING: [Board 49-26] cannot add Board Part xilinx.com:zcu106:part0:2.6 available at /opt/Xilinx_2/2025.2/data/xhub/boards/XilinxBoardStore/boards/Xilinx/zcu106/2.6/board.xml as part xczu7ev-ffvc1156-2-e specified in board_part file is either invalid or not available
WARNING: [Board 49-26] cannot add Board Part xilinx.com:zcu111:part0:1.2 available at /opt/Xilinx_2/2025.2/data/xhub/boards/XilinxBoardStore/boards/Xilinx/zcu111/1.2/board.xml as part xczu28dr-ffvg1517-2-e specified in board_part file is either invalid or not available
WARNING: [Board 49-26] cannot add Board Part xilinx.com:zcu111:part0:1.3 available at /opt/Xilinx_2/2025.2/data/xhub/boards/XilinxBoardStore/boards/Xilinx/zcu111/1.3/board.xml as part xczu28dr-ffvg1517-2-e specified in board_part file is either invalid or not available
WARNING: [Board 49-26] cannot add Board Part xilinx.com:zcu111:part0:1.4 available at /opt/Xilinx_2/2025.2/data/xhub/boards/XilinxBoardStore/boards/Xilinx/zcu111/1.4/board.xml as part xczu28dr-ffvg1517-2-e specified in board_part file is either invalid or not available
WARNING: [Board 49-26] cannot add Board Part xilinx.com:zcu1275:part0:1.0 available at /opt/Xilinx_2/2025.2/data/xhub/boards/XilinxBoardStore/boards/Xilinx/zcu1275/1.0/board.xml as part xczu29dr-ffvf1760-2-e specified in board_part file is either invalid or not available
WARNING: [Board 49-26] cannot add Board Part xilinx.com:zcu1285:part0:1.0 available at /opt/Xilinx_2/2025.2/data/xhub/boards/XilinxBoardStore/boards/Xilinx/zcu1285/1.0/board.xml as part xczu39dr-ffvf1760-2-i specified in board_part file is either invalid or not available
WARNING: [Board 49-26] cannot add Board Part xilinx.com:zcu208:part0:2.0 available at /opt/Xilinx_2/2025.2/data/xhub/boards/XilinxBoardStore/boards/Xilinx/zcu208/production/2.0/board.xml as part xczu48dr-fsvg1517-2-e specified in board_part file is either invalid or not available
WARNING: [Board 49-26] cannot add Board Part xilinx.com:zcu208ld:part0:2.0 available at /opt/Xilinx_2/2025.2/data/xhub/boards/XilinxBoardStore/boards/Xilinx/zcu208ld/production/2.0/board.xml as part xczu58dr-fsvg1517-2-i specified in board_part file is either invalid or not available
WARNING: [Board 49-26] cannot add Board Part xilinx.com:zcu216:part0:2.0 available at /opt/Xilinx_2/2025.2/data/xhub/boards/XilinxBoardStore/boards/Xilinx/zcu216/production/2.0/board.xml as part xczu49dr-ffvf1760-2-e specified in board_part file is either invalid or not available
WARNING: [Board 49-26] cannot add Board Part xilinx.com:zcu216ld:part0:2.0 available at /opt/Xilinx_2/2025.2/data/xhub/boards/XilinxBoardStore/boards/Xilinx/zcu216ld/production/2.0/board.xml as part xczu59dr-ffvf1760-2-i specified in board_part file is either invalid or not available
WARNING: [Board 49-26] cannot add Board Part xilinx.com:zcu670:part0:2.0 available at /opt/Xilinx_2/2025.2/data/xhub/boards/XilinxBoardStore/boards/Xilinx/zcu670/2.0/board.xml as part xczu67dr-fsve1156-2-i specified in board_part file is either invalid or not available
WARNING: [Board 49-26] cannot add Board Part xilinx.com:zcu670ld:part0:1.0 available at /opt/Xilinx_2/2025.2/data/xhub/boards/XilinxBoardStore/boards/Xilinx/zcu670ld/1.0/board.xml as part xczu57dr-fsve1156-2-i specified in board_part file is either invalid or not available
WARNING: [Project 1-5713] Board part '' set for the project  is not found. BoardPart property will be unset. Please select board from latest repo build 
INFO: [IP_Flow 19-234] Refreshing IP repositories
INFO: [IP_Flow 19-1704] No user IP repositories specified
INFO: [IP_Flow 19-2313] Loaded Vivado IP repository '/opt/Xilinx_2/2025.2/data/ip'.
INFO: [Project 1-5698] Found the below utility IPs instantiated in block design /home/kokunev/data/git_root/alinx/alinx_streamer_1/alinx_pcie_axi_1/alinx_pcie_axi_1.srcs/sources_1/bd/design_1/design_1.bd which have equivalent inline hdl with improved performance and reduced diskspace.
It is recommended to migrate these utility IPs to inline hdl  using the command upgrade_project -migrate_to_inline_hdl.  The utility IPs may be deprecated in future releases.
More information on inline hdl is available in UG994.
Utility IP Component Instances:
 design_1_xlconcat_0_0
# set rtl_files [glob -nocomplain [file join $rtl_dir *.v]]
# if {[llength $rtl_files] == 0} {
#     error "No RTL files found in $rtl_dir"
# }
# add_files -norecurse $rtl_files
WARNING: [filemgmt 56-12] File '/home/kokunev/data/git_root/alinx/alinx_streamer_1/alinx_pcie_axi_1/alinx_pcie_axi_1.srcs/sources_1/rtl/stream_ctrl_regs.v' cannot be added to the project because it already exists in the project, skipping this file
WARNING: [filemgmt 56-12] File '/home/kokunev/data/git_root/alinx/alinx_streamer_1/alinx_pcie_axi_1/alinx_pcie_axi_1.srcs/sources_1/rtl/c2h_pattern_source.v' cannot be added to the project because it already exists in the project, skipping this file
WARNING: [filemgmt 56-12] File '/home/kokunev/data/git_root/alinx/alinx_streamer_1/alinx_pcie_axi_1/alinx_pcie_axi_1.srcs/sources_1/rtl/c2h_streamer.v' cannot be added to the project because it already exists in the project, skipping this file
WARNING: [filemgmt 56-12] File '/home/kokunev/data/git_root/alinx/alinx_streamer_1/alinx_pcie_axi_1/alinx_pcie_axi_1.srcs/sources_1/rtl/h2c_axis_sink.v' cannot be added to the project because it already exists in the project, skipping this file
WARNING: [filemgmt 56-12] File '/home/kokunev/data/git_root/alinx/alinx_streamer_1/alinx_pcie_axi_1/alinx_pcie_axi_1.srcs/sources_1/rtl/c2h_mem_source.v' cannot be added to the project because it already exists in the project, skipping this file
# set_property used_in_synthesis 1  [get_files $rtl_files]
# set_property used_in_simulation 1 [get_files $rtl_files]
# update_compile_order -fileset sources_1
# foreach d [get_bd_designs -quiet] {
#     puts "Closing BD: $d"
#     catch {close_bd_design $d}
# }
# set old_bd [get_files -quiet */design_1.bd]
# if {$old_bd ne ""} {
#     puts "Removing existing design_1.bd from project..."
#     catch {export_ip_user_files -of_objects $old_bd -no_script -reset -force -quiet}
#     remove_files -fileset sources_1 $old_bd
# }
Removing existing design_1.bd from project...
INFO: [IP_Flow 19-234] Refreshing IP repositories
INFO: [IP_Flow 19-1704] No user IP repositories specified
# set old_wrap [get_files -quiet */design_1_wrapper.v]
# if {$old_wrap ne ""} {
#     puts "Removing existing design_1_wrapper.v from project..."
#     remove_files -fileset sources_1 $old_wrap
# }
Removing existing design_1_wrapper.v from project...
# foreach d [list $bd_src_dir $bd_gen_dir] {
#     if {[file exists $d]} {
#         puts "Deleting $d"
#         file delete -force $d
#     }
# }
Deleting /home/kokunev/data/git_root/alinx/alinx_streamer_1/alinx_pcie_axi_1/alinx_pcie_axi_1.srcs/sources_1/bd/design_1
Deleting /home/kokunev/data/git_root/alinx/alinx_streamer_1/alinx_pcie_axi_1/alinx_pcie_axi_1.gen/sources_1/bd/design_1
# foreach r {synth_1 impl_1} {
#     if {[get_runs -quiet $r] ne ""} {
#         catch {reset_run $r}
#     }
# }
# update_compile_order -fileset sources_1
CRITICAL WARNING: [filemgmt 20-742] The top module "design_1_wrapper" specified for this project can not be validated. The current project is using automatic hierarchy update mode, and hence a new suitable replacement top will be automatically selected. If this is not desired, please change the hierarchy update mode to one of the manual compile order modes first, and then set top to any desired value.
Resolution: To switch to manual update order go to the Sources view, right-click on any node in the hierarchy and in the context menu select: 'Hierarchy Update' option 'No Update' or run the following Tcl Command: set_property source_mgmt_mode None [current_project] (which is the Manual Compile Order mode).
# puts "Creating design_1..."
Creating design_1...
# create_bd_design design_1
Wrote  : </home/kokunev/data/git_root/alinx/alinx_streamer_1/alinx_pcie_axi_1/alinx_pcie_axi_1.srcs/sources_1/bd/design_1/design_1.bd> 
# current_bd_design design_1
# create_bd_intf_port -mode Master -vlnv xilinx.com:interface:pcie_7x_mgt_rtl:1.0 pcie_7x_mgt_rtl_0
# set pcie_clk [create_bd_intf_port -mode Slave -vlnv xilinx.com:interface:diff_clock_rtl:1.0 pcie_clk]
# set_property CONFIG.FREQ_HZ 100000000 $pcie_clk
# create_bd_port -dir I -type rst sys_rst_n
# set_property CONFIG.POLARITY ACTIVE_LOW [get_bd_ports sys_rst_n]
# create_bd_port -dir O -from 0 -to 0 LED
# create_bd_port -dir O -type rst user_resetn
# set_property CONFIG.POLARITY ACTIVE_LOW [get_bd_ports user_resetn]
# create_bd_port -dir O user_lnk_up
# puts "Creating IP cells..."
Creating IP cells...
# create_bd_cell -type ip -vlnv xilinx.com:ip:xdma:4.2 xdma_0
# set_property -dict [list \
#     CONFIG.mode_selection              {Basic} \
#     CONFIG.pcie_blk_locn               {X0Y0} \
#     CONFIG.pl_link_cap_max_link_width  {X2} \
#     CONFIG.pl_link_cap_max_link_speed  {5.0_GT/s} \
#     CONFIG.ref_clk_freq                {100_MHz} \
#     CONFIG.axi_data_width              {64_bit} \
#     CONFIG.axisten_freq                {125} \
#     CONFIG.xdma_axi_intf_mm            {AXI_Stream} \
#     CONFIG.xdma_rnum_chnl              {1} \
#     CONFIG.xdma_wnum_chnl              {1} \
#     CONFIG.axilite_master_en           {true} \
#     CONFIG.axilite_master_size         {1} \
#     CONFIG.axilite_master_scale        {Megabytes} \
#     CONFIG.pf0_device_id               {7022} \
#     CONFIG.vendor_id                   {10EE} \
#     CONFIG.xdma_num_usr_irq            {1} \
# ] [get_bd_cells xdma_0]
# create_bd_cell -type ip -vlnv xilinx.com:ip:util_ds_buf:2.2 util_ds_buf
# set_property CONFIG.C_BUF_TYPE {IBUFDSGTE} [get_bd_cells util_ds_buf]
# create_bd_cell -type ip -vlnv xilinx.com:ip:axi_interconnect:2.1 axi_interconnect_0
# set_property -dict [list \
#     CONFIG.NUM_SI {1} \
#     CONFIG.NUM_MI {2} \
# ] [get_bd_cells axi_interconnect_0]
# create_bd_cell -type ip -vlnv xilinx.com:ip:axi_bram_ctrl:4.1 axi_bram_ctrl_1
INFO: [xilinx.com:ip:axi_bram_ctrl:4.1-2] design_1_axi_bram_ctrl_1_0: In IP Integrator, please note that memory depth value gets calculated based on the Data Width of the IP and Address range selected in the Address Editor.Incase a validation error occured on the range of this parameter, please check if the selected Data width and the Address Range are valid. For valid Data width and memory depth values, please refer to the AXI BRAM Controller Product Guide.
INFO: [xilinx.com:ip:axi_bram_ctrl:4.1-1] design_1_axi_bram_ctrl_1_0: In IP Integrator, The Maximum address range supported is 2G. Selecting the address range more than 2G in the address editor may resets the value of Memory depth to default value (1024). please refer to the AXI BRAM Controller Product Guide.
# set_property CONFIG.SINGLE_PORT_BRAM {1} [get_bd_cells axi_bram_ctrl_1]
# create_bd_cell -type ip -vlnv xilinx.com:ip:blk_mem_gen:8.4 blk_mem_gen_1
# set_property -dict [list \
#     CONFIG.Memory_Type {True_Dual_Port_RAM} \
#     CONFIG.Enable_B {Use_ENB_Pin} \
#     CONFIG.Use_RSTB_Pin {true} \
#     CONFIG.Port_B_Clock {100} \
#     CONFIG.Port_B_Write_Rate {50} \
#     CONFIG.Port_B_Enable_Rate {100} \
# ] [get_bd_cells blk_mem_gen_1]
# create_bd_cell -type ip -vlnv xilinx.com:ip:axi_bram_ctrl:4.1 axi_bram_ctrl_2
INFO: [xilinx.com:ip:axi_bram_ctrl:4.1-2] design_1_axi_bram_ctrl_2_0: In IP Integrator, please note that memory depth value gets calculated based on the Data Width of the IP and Address range selected in the Address Editor.Incase a validation error occured on the range of this parameter, please check if the selected Data width and the Address Range are valid. For valid Data width and memory depth values, please refer to the AXI BRAM Controller Product Guide.
INFO: [xilinx.com:ip:axi_bram_ctrl:4.1-1] design_1_axi_bram_ctrl_2_0: In IP Integrator, The Maximum address range supported is 2G. Selecting the address range more than 2G in the address editor may resets the value of Memory depth to default value (1024). please refer to the AXI BRAM Controller Product Guide.
# set_property CONFIG.SINGLE_PORT_BRAM {1} [get_bd_cells axi_bram_ctrl_2]
# create_bd_cell -type ip -vlnv xilinx.com:ip:blk_mem_gen:8.4 blk_mem_gen_2
# set_property -dict [list \
#     CONFIG.Memory_Type {True_Dual_Port_RAM} \
#     CONFIG.Write_Width_A {32} \
#     CONFIG.Write_Depth_A {1024} \
#     CONFIG.Read_Width_A {32} \
#     CONFIG.Enable_A {Use_ENA_Pin} \
#     CONFIG.Enable_B {Use_ENB_Pin} \
#     CONFIG.Use_Byte_Write_Enable {true} \
#     CONFIG.Byte_Size {8} \
#     CONFIG.Write_Width_B {64} \
#     CONFIG.Read_Width_B {64} \
#     CONFIG.Register_PortA_Output_of_Memory_Primitives {true} \
#     CONFIG.Register_PortB_Output_of_Memory_Primitives {true} \
#     CONFIG.Use_RSTB_Pin {true} \
#     CONFIG.Port_B_Clock {100} \
#     CONFIG.Port_B_Write_Rate {0} \
#     CONFIG.Port_B_Enable_Rate {100} \
#     CONFIG.Operating_Mode_A {WRITE_FIRST} \
#     CONFIG.Operating_Mode_B {READ_FIRST} \
# ] [get_bd_cells blk_mem_gen_2]
# puts "Creating c2h_streamer_0 module reference..."
Creating c2h_streamer_0 module reference...
# create_bd_cell -type module -reference c2h_streamer c2h_streamer_0
INFO: [IP_Flow 19-5107] Inferred bus interface 'BRAM_PORTB' of definition 'xilinx.com:interface:bram:1.0' (from X_INTERFACE_INFO parameter from HDL file).
INFO: [IP_Flow 19-5107] Inferred bus interface 'BRAM_PORTB' of definition 'xilinx.com:interface:bram:1.0' (from 'X_INTERFACE_INFO' attribute).
INFO: [IP_Flow 19-5107] Inferred bus interface 'PATTERN_BRAM' of definition 'xilinx.com:interface:bram:1.0' (from X_INTERFACE_INFO parameter from HDL file).
INFO: [IP_Flow 19-5107] Inferred bus interface 'PATTERN_BRAM' of definition 'xilinx.com:interface:bram:1.0' (from 'X_INTERFACE_INFO' attribute).
INFO: [IP_Flow 19-5107] Inferred bus interface 'M_AXIS' of definition 'xilinx.com:interface:axis:1.0' (from X_INTERFACE_INFO parameter from HDL file).
INFO: [IP_Flow 19-5107] Inferred bus interface 'M_AXIS' of definition 'xilinx.com:interface:axis:1.0' (from 'X_INTERFACE_INFO' attribute).
INFO: [IP_Flow 19-5107] Inferred bus interface 'aresetn' of definition 'xilinx.com:signal:reset:1.0' (from Xilinx Repository).
INFO: [IP_Flow 19-5107] Inferred bus interface 'aclk' of definition 'xilinx.com:signal:clock:1.0' (from Xilinx Repository).
INFO: [IP_Flow 19-4728] Bus Interface 'aresetn': Added interface parameter 'POLARITY' with value 'ACTIVE_LOW'.
INFO: [IP_Flow 19-4728] Bus Interface 'aclk': Added interface parameter 'ASSOCIATED_BUSIF' with value 'M_AXIS'.
INFO: [IP_Flow 19-4728] Bus Interface 'aclk': Added interface parameter 'ASSOCIATED_RESET' with value 'aresetn'.
INFO: [IP_Flow 19-4728] Bus Interface 'BRAM_PORTB': Added interface parameter 'MASTER_TYPE' with value 'BRAM_CTRL'.
INFO: [IP_Flow 19-4728] Bus Interface 'BRAM_PORTB': Added interface parameter 'MEM_ADDRESS_MODE' with value 'BYTE_ADDRESS'.
INFO: [IP_Flow 19-4728] Bus Interface 'BRAM_PORTB': Added interface parameter 'MEM_SIZE' with value '4096'.
INFO: [IP_Flow 19-4728] Bus Interface 'BRAM_PORTB': Added interface parameter 'MEM_WIDTH' with value '32'.
INFO: [IP_Flow 19-4728] Bus Interface 'BRAM_PORTB': Added interface parameter 'MEM_ECC' with value 'NONE'.
INFO: [IP_Flow 19-4728] Bus Interface 'BRAM_PORTB': Added interface parameter 'READ_WRITE_MODE' with value 'READ_WRITE'.
INFO: [IP_Flow 19-4728] Bus Interface 'BRAM_PORTB': Added interface parameter 'READ_LATENCY' with value '1'.
INFO: [IP_Flow 19-4728] Bus Interface 'PATTERN_BRAM': Added interface parameter 'MASTER_TYPE' with value 'BRAM_CTRL'.
INFO: [IP_Flow 19-4728] Bus Interface 'PATTERN_BRAM': Added interface parameter 'MEM_ADDRESS_MODE' with value 'BYTE_ADDRESS'.
INFO: [IP_Flow 19-4728] Bus Interface 'PATTERN_BRAM': Added interface parameter 'MEM_SIZE' with value '4096'.
INFO: [IP_Flow 19-4728] Bus Interface 'PATTERN_BRAM': Added interface parameter 'MEM_WIDTH' with value '64'.
INFO: [IP_Flow 19-4728] Bus Interface 'PATTERN_BRAM': Added interface parameter 'MEM_ECC' with value 'NONE'.
INFO: [IP_Flow 19-4728] Bus Interface 'PATTERN_BRAM': Added interface parameter 'READ_WRITE_MODE' with value 'READ_ONLY'.
INFO: [IP_Flow 19-4728] Bus Interface 'PATTERN_BRAM': Added interface parameter 'READ_LATENCY' with value '1'.
WARNING: [IP_Flow 19-11770] Clock interface 'aclk' has no FREQ_HZ parameter.
# create_bd_cell -type ip -vlnv xilinx.com:ip:axis_register_slice:1.1 axis_register_slice_0
# set_property -dict [list \
#     CONFIG.TDATA_NUM_BYTES {8} \
#     CONFIG.HAS_TKEEP {1} \
#     CONFIG.HAS_TLAST {1} \
# ] [get_bd_cells axis_register_slice_0]
# create_bd_cell -type module -reference h2c_axis_sink h2c_axis_sink_0
# create_bd_cell -type ip -vlnv xilinx.com:ip:system_ila:1.1 system_ila_1
WARNING: [BD 5-1069] Please specify '-mon_dir' argument when interface mode is 'Monitor'. Using 'in' as default.
# set_property -dict [list \
#     CONFIG.C_MON_TYPE {MIX} \
#     CONFIG.C_NUM_MONITOR_SLOTS {2} \
#     CONFIG.C_NUM_OF_PROBES {3} \
#     CONFIG.C_SLOT {1} \
#     CONFIG.C_SLOT_0_INTF_TYPE {xilinx.com:interface:aximm_rtl:1.0} \
#     CONFIG.C_SLOT_1_INTF_TYPE {xilinx.com:interface:axis_rtl:1.0} \
#     CONFIG.C_DATA_DEPTH {8192} \
#     CONFIG.C_ADV_TRIGGER {true} \
# ] [get_bd_cells system_ila_1]
WARNING: [BD 5-1069] Please specify '-mon_dir' argument when interface mode is 'Monitor'. Using 'in' as default.
WARNING: [BD 5-1069] Please specify '-mon_dir' argument when interface mode is 'Monitor'. Using 'in' as default.
# create_bd_cell -type ip -vlnv xilinx.com:ip:xlconcat:2.1 xlconcat_0
INFO: [BD 5-1043] It is recommended to use inline hdl version xilinx.com:inline_hdl:ilconcat:1.0 for the IP type xilinx.com:ip:xlconcat:2.1 for improved performance and reduced disk space. IPs with VLNV xilinx.com:ip:xlconcat:2.1 will not be supported from release 2025.2. More information on inline hdl IP is available in UG994 
# set_property -dict [list \
#     CONFIG.NUM_PORTS {6} \
#     CONFIG.IN0_WIDTH {32} \
#     CONFIG.IN1_WIDTH {1} \
#     CONFIG.IN2_WIDTH {1} \
#     CONFIG.IN3_WIDTH {1} \
#     CONFIG.IN4_WIDTH {4} \
#     CONFIG.IN5_WIDTH {2} \
# ] [get_bd_cells xlconcat_0]
# create_bd_cell -type ip -vlnv xilinx.com:ip:xlconstant:1.1 xlconstant_1
INFO: [BD 5-1043] It is recommended to use inline hdl version xilinx.com:inline_hdl:ilconstant:1.0 for the IP type xilinx.com:ip:xlconstant:1.1 for improved performance and reduced disk space. IPs with VLNV xilinx.com:ip:xlconstant:1.1 will not be supported from release 2025.2. More information on inline hdl IP is available in UG994 
# set_property -dict [list \
#     CONFIG.CONST_WIDTH {1} \
#     CONFIG.CONST_VAL {0} \
# ] [get_bd_cells xlconstant_1]
# create_bd_cell -type ip -vlnv xilinx.com:ip:c_counter_binary:12.0 c_counter_binary_0
# set_property CONFIG.Output_Width {26} [get_bd_cells c_counter_binary_0]
# create_bd_cell -type ip -vlnv xilinx.com:ip:xlslice:1.0 xlslice_0
INFO: [BD 5-1043] It is recommended to use inline hdl version xilinx.com:inline_hdl:ilslice:1.0 for the IP type xilinx.com:ip:xlslice:1.0 for improved performance and reduced disk space. IPs with VLNV xilinx.com:ip:xlslice:1.0 will not be supported from release 2025.2. More information on inline hdl IP is available in UG994 
# set_property -dict [list \
#     CONFIG.DIN_WIDTH {26} \
#     CONFIG.DIN_FROM {25} \
#     CONFIG.DIN_TO {25} \
# ] [get_bd_cells xlslice_0]
# puts "Connecting interfaces..."
Connecting interfaces...
# connect_bd_intf_net [get_bd_intf_ports pcie_7x_mgt_rtl_0] [get_bd_intf_pins xdma_0/pcie_mgt]
# connect_bd_intf_net [get_bd_intf_ports pcie_clk]          [get_bd_intf_pins util_ds_buf/CLK_IN_D]
# connect_bd_intf_net [get_bd_intf_pins xdma_0/M_AXI_LITE] \
#     [get_bd_intf_pins axi_interconnect_0/S00_AXI]
# connect_bd_intf_net [get_bd_intf_pins axi_interconnect_0/M00_AXI] \
#     [get_bd_intf_pins axi_bram_ctrl_1/S_AXI]
# connect_bd_intf_net [get_bd_intf_pins axi_interconnect_0/M01_AXI] \
#     [get_bd_intf_pins axi_bram_ctrl_2/S_AXI]
# connect_bd_intf_net [get_bd_intf_pins axi_bram_ctrl_1/BRAM_PORTA] \
#     [get_bd_intf_pins blk_mem_gen_1/BRAM_PORTA]
# connect_bd_intf_net [get_bd_intf_pins c2h_streamer_0/BRAM_PORTB] \
#     [get_bd_intf_pins blk_mem_gen_1/BRAM_PORTB]
# connect_bd_intf_net [get_bd_intf_pins axi_bram_ctrl_2/BRAM_PORTA] \
#     [get_bd_intf_pins blk_mem_gen_2/BRAM_PORTA]
# connect_bd_intf_net [get_bd_intf_pins c2h_streamer_0/PATTERN_BRAM] \
#     [get_bd_intf_pins blk_mem_gen_2/BRAM_PORTB]
# connect_bd_intf_net [get_bd_intf_pins c2h_streamer_0/M_AXIS] \
#     [get_bd_intf_pins axis_register_slice_0/S_AXIS]
# connect_bd_intf_net [get_bd_intf_pins axis_register_slice_0/M_AXIS] \
#     [get_bd_intf_pins xdma_0/S_AXIS_C2H_0]
# connect_bd_intf_net [get_bd_intf_pins xdma_0/M_AXIS_H2C_0] \
#     [get_bd_intf_pins h2c_axis_sink_0/S_AXIS]
# connect_bd_intf_net [get_bd_intf_pins system_ila_1/SLOT_0_AXI] \
#     [get_bd_intf_pins xdma_0/M_AXI_LITE]
# connect_bd_intf_net [get_bd_intf_pins system_ila_1/SLOT_1_AXIS] \
#     [get_bd_intf_pins axis_register_slice_0/M_AXIS]
# puts "Connecting clocks, resets, and debug..."
Connecting clocks, resets, and debug...
# connect_bd_net [get_bd_ports sys_rst_n]          [get_bd_pins xdma_0/sys_rst_n]
# connect_bd_net [get_bd_pins util_ds_buf/IBUF_OUT] [get_bd_pins xdma_0/sys_clk]
# connect_bd_net [get_bd_pins xdma_0/axi_aclk] \
#     [get_bd_pins axi_interconnect_0/ACLK] \
#     [get_bd_pins axi_interconnect_0/S00_ACLK] \
#     [get_bd_pins axi_interconnect_0/M00_ACLK] \
#     [get_bd_pins axi_interconnect_0/M01_ACLK] \
#     [get_bd_pins axi_bram_ctrl_1/s_axi_aclk] \
#     [get_bd_pins axi_bram_ctrl_2/s_axi_aclk] \
#     [get_bd_pins c2h_streamer_0/aclk] \
#     [get_bd_pins h2c_axis_sink_0/aclk] \
#     [get_bd_pins axis_register_slice_0/aclk] \
#     [get_bd_pins system_ila_1/clk] \
#     [get_bd_pins c_counter_binary_0/CLK]
# connect_bd_net [get_bd_pins xdma_0/axi_aresetn] \
#     [get_bd_pins axi_interconnect_0/ARESETN] \
#     [get_bd_pins axi_interconnect_0/S00_ARESETN] \
#     [get_bd_pins axi_interconnect_0/M00_ARESETN] \
#     [get_bd_pins axi_interconnect_0/M01_ARESETN] \
#     [get_bd_pins axi_bram_ctrl_1/s_axi_aresetn] \
#     [get_bd_pins axi_bram_ctrl_2/s_axi_aresetn] \
#     [get_bd_pins c2h_streamer_0/aresetn] \
#     [get_bd_pins h2c_axis_sink_0/aresetn] \
#     [get_bd_pins axis_register_slice_0/aresetn] \
#     [get_bd_pins system_ila_1/resetn] \
#     [get_bd_ports user_resetn]
# connect_bd_net [get_bd_pins xdma_0/user_lnk_up] [get_bd_ports user_lnk_up]
# connect_bd_net [get_bd_pins xlconstant_1/dout] [get_bd_pins xdma_0/usr_irq_req]
# connect_bd_net [get_bd_pins c_counter_binary_0/Q] [get_bd_pins xlslice_0/Din]
# connect_bd_net [get_bd_pins xlslice_0/Dout]       [get_bd_ports LED]
# connect_bd_net [get_bd_pins c2h_streamer_0/dbg_beat_count]   [get_bd_pins xlconcat_0/In0]
# connect_bd_net [get_bd_pins c2h_streamer_0/dbg_start]        [get_bd_pins xlconcat_0/In1]
# connect_bd_net [get_bd_pins c2h_streamer_0/dbg_busy]         [get_bd_pins xlconcat_0/In2]
# connect_bd_net [get_bd_pins c2h_streamer_0/dbg_done]         [get_bd_pins xlconcat_0/In3]
# connect_bd_net [get_bd_pins c2h_streamer_0/dbg_ctrl_state]   [get_bd_pins xlconcat_0/In4]
# connect_bd_net [get_bd_pins c2h_streamer_0/dbg_src_state]    [get_bd_pins xlconcat_0/In5]
# connect_bd_net [get_bd_pins xlconcat_0/dout]                 [get_bd_pins system_ila_1/probe0]
# connect_bd_net [get_bd_pins c2h_streamer_0/dbg_length_bytes] [get_bd_pins system_ila_1/probe1]
# connect_bd_net [get_bd_pins c2h_streamer_0/dbg_seed]         [get_bd_pins system_ila_1/probe2]
# puts "Assigning addresses..."
Assigning addresses...
# assign_bd_address -offset 0x00000000 -range 4K \
#     -target_address_space [get_bd_addr_spaces xdma_0/M_AXI_LITE] \
#     [get_bd_addr_segs axi_bram_ctrl_1/S_AXI/Mem0]
Slave segment '/axi_bram_ctrl_1/S_AXI/Mem0' is being assigned into address space '/xdma_0/M_AXI_LITE' at <0x0000_0000 [ 4K ]>.
# assign_bd_address -offset 0x00001000 -range 4K \
#     -target_address_space [get_bd_addr_spaces xdma_0/M_AXI_LITE] \
#     [get_bd_addr_segs axi_bram_ctrl_2/S_AXI/Mem0]
Slave segment '/axi_bram_ctrl_2/S_AXI/Mem0' is being assigned into address space '/xdma_0/M_AXI_LITE' at <0x0000_1000 [ 4K ]>.
# puts "Validating BD..."
Validating BD...
# regenerate_bd_layout
# validate_bd_design
WARNING: [BD 41-2180] Resetting the memory initialization file of </blk_mem_gen_1> to default.
WARNING: [BD 41-2180] Resetting the memory initialization file of </blk_mem_gen_2> to default.
WARNING: [BD 41-926] Following properties on interface pin /h2c_axis_sink_0/S_AXIS have been updated from connected ip, but BD cell '/h2c_axis_sink_0' does not accept parameter changes, so they may not be synchronized with cell properties:
	TDATA_NUM_BYTES = 8

Please resolve any mismatches by directly setting properties on BD cell </h2c_axis_sink_0> to completely resolve these warnings.
WARNING: [BD 41-926] Following properties on interface pin /c2h_streamer_0/M_AXIS have been updated from connected ip, but BD cell '/c2h_streamer_0' does not accept parameter changes, so they may not be synchronized with cell properties:
	TDATA_NUM_BYTES = 8

Please resolve any mismatches by directly setting properties on BD cell </c2h_streamer_0> to completely resolve these warnings.
# save_bd_design
Wrote  : </home/kokunev/data/git_root/alinx/alinx_streamer_1/alinx_pcie_axi_1/alinx_pcie_axi_1.srcs/sources_1/bd/design_1/design_1.bd> 
# puts "Generating BD output products..."
Generating BD output products...
# generate_target all [get_files [file join $bd_src_dir design_1.bd]]
INFO: [BD 41-1662] The design 'design_1.bd' is already validated. Therefore parameter propagation will not be re-run.
WARNING: [BD 41-2384] Width mismatch when connecting pin: '/blk_mem_gen_1/addra'(32) to pin: '/axi_bram_ctrl_1/bram_addr_a'(12) - Only lower order bits will be connected.
WARNING: [BD 41-2384] Width mismatch when connecting pin: '/blk_mem_gen_2/addra'(32) to pin: '/axi_bram_ctrl_2/bram_addr_a'(12) - Only lower order bits will be connected.
WARNING: [BD 41-3256] Drive strength cannot be preserved for ports connected to net xdma_0_axi_aresetn as it connected to debug IP /system_ila_1 
Verilog Output written to : /home/kokunev/data/git_root/alinx/alinx_streamer_1/alinx_pcie_axi_1/alinx_pcie_axi_1.gen/sources_1/bd/design_1/synth/design_1.v
WARNING: [BD 41-2384] Width mismatch when connecting pin: '/blk_mem_gen_1/addra'(32) to pin: '/axi_bram_ctrl_1/bram_addr_a'(12) - Only lower order bits will be connected.
WARNING: [BD 41-2384] Width mismatch when connecting pin: '/blk_mem_gen_2/addra'(32) to pin: '/axi_bram_ctrl_2/bram_addr_a'(12) - Only lower order bits will be connected.
WARNING: [BD 41-3256] Drive strength cannot be preserved for ports connected to net xdma_0_axi_aresetn as it connected to debug IP /system_ila_1 
Verilog Output written to : /home/kokunev/data/git_root/alinx/alinx_streamer_1/alinx_pcie_axi_1/alinx_pcie_axi_1.gen/sources_1/bd/design_1/sim/design_1.v
Verilog Output written to : /home/kokunev/data/git_root/alinx/alinx_streamer_1/alinx_pcie_axi_1/alinx_pcie_axi_1.gen/sources_1/bd/design_1/hdl/design_1_wrapper.v
INFO: [BD 41-1029] Generation completed for the IP Integrator block xdma_0 .
INFO: [BD 41-1029] Generation completed for the IP Integrator block util_ds_buf .
INFO: [BD 41-1029] Generation completed for the IP Integrator block axi_interconnect_0/xbar .
WARNING: [IP_Flow 19-4994] Overwriting existing constraint file '/home/kokunev/data/git_root/alinx/alinx_streamer_1/alinx_pcie_axi_1/alinx_pcie_axi_1.gen/sources_1/bd/design_1/ip/design_1_axi_interconnect_0_imp_auto_pc_0/design_1_axi_interconnect_0_imp_auto_pc_0_ooc.xdc'
INFO: [BD 41-1029] Generation completed for the IP Integrator block axi_interconnect_0/s00_couplers/auto_pc .
INFO: [BD 41-1029] Generation completed for the IP Integrator block axi_bram_ctrl_1 .
INFO: [BD 41-1029] Generation completed for the IP Integrator block blk_mem_gen_1 .
INFO: [BD 41-1029] Generation completed for the IP Integrator block axi_bram_ctrl_2 .
INFO: [BD 41-1029] Generation completed for the IP Integrator block blk_mem_gen_2 .
INFO: [BD 41-1029] Generation completed for the IP Integrator block c2h_streamer_0 .
INFO: [BD 41-1029] Generation completed for the IP Integrator block axis_register_slice_0 .
INFO: [BD 41-1029] Generation completed for the IP Integrator block h2c_axis_sink_0 .
WARNING: [IP_Flow 19-4994] Overwriting existing constraint file '/home/kokunev/data/git_root/alinx/alinx_streamer_1/alinx_pcie_axi_1/alinx_pcie_axi_1.gen/sources_1/bd/design_1/ip/design_1_system_ila_1_0/design_1_system_ila_1_0_ooc.xdc'
Exporting to file /home/kokunev/data/git_root/alinx/alinx_streamer_1/alinx_pcie_axi_1/alinx_pcie_axi_1.gen/sources_1/bd/design_1/ip/design_1_system_ila_1_0/bd_0/hw_handoff/design_1_system_ila_1_0.hwh
Generated Hardware Definition File /home/kokunev/data/git_root/alinx/alinx_streamer_1/alinx_pcie_axi_1/alinx_pcie_axi_1.gen/sources_1/bd/design_1/ip/design_1_system_ila_1_0/bd_0/synth/design_1_system_ila_1_0.hwdef
INFO: [BD 41-1029] Generation completed for the IP Integrator block system_ila_1 .
INFO: [BD 41-1029] Generation completed for the IP Integrator block xlconcat_0 .
INFO: [BD 41-1029] Generation completed for the IP Integrator block xlconstant_1 .
INFO: [BD 41-1029] Generation completed for the IP Integrator block c_counter_binary_0 .
INFO: [BD 41-1029] Generation completed for the IP Integrator block xlslice_0 .
Exporting to file /home/kokunev/data/git_root/alinx/alinx_streamer_1/alinx_pcie_axi_1/alinx_pcie_axi_1.gen/sources_1/bd/design_1/hw_handoff/design_1.hwh
Generated Hardware Definition File /home/kokunev/data/git_root/alinx/alinx_streamer_1/alinx_pcie_axi_1/alinx_pcie_axi_1.gen/sources_1/bd/design_1/synth/design_1.hwdef
INFO: [BD 41-3262] Generated VHDL Instantiation Template file /home/kokunev/data/git_root/alinx/alinx_streamer_1/alinx_pcie_axi_1/alinx_pcie_axi_1.gen/sources_1/bd/design_1/design_1.vho
INFO: [BD 41-3262] Generated Verilog Instantiation Template file /home/kokunev/data/git_root/alinx/alinx_streamer_1/alinx_pcie_axi_1/alinx_pcie_axi_1.gen/sources_1/bd/design_1/design_1.veo
INFO: [BD 41-3262] Generated System Verilog Instantiation Template file /home/kokunev/data/git_root/alinx/alinx_streamer_1/alinx_pcie_axi_1/alinx_pcie_axi_1.gen/sources_1/bd/design_1/design_1_sv.sveo
# catch {export_ip_user_files -of_objects [get_files [file join $bd_src_dir design_1.bd]] -no_script -sync -force -quiet}
# puts "Creating HDL wrapper..."
Creating HDL wrapper...
# set wrap_result [make_wrapper -files [get_files [file join $bd_src_dir design_1.bd]] -top]
# set wrap_file [lindex [get_files -quiet */design_1_wrapper.v] 0]
# if {$wrap_file eq ""} {
#     # Newly generated under .gen
#     set wrap_candidates [glob -nocomplain \
#         [file join $bd_gen_dir hdl design_1_wrapper.v] \
#         [file join $bd_src_dir hdl design_1_wrapper.v]]
#     if {[llength $wrap_candidates] == 0} {
#         error "design_1_wrapper.v was not created (make_wrapper returned: $wrap_result)"
#     }
#     add_files -norecurse [lindex $wrap_candidates 0]
#     set wrap_file [lindex $wrap_candidates 0]
# }
# set_property top design_1_wrapper [current_fileset]
# update_compile_order -fileset sources_1
# puts ""

# puts "============================================================"
============================================================
# puts " design_1 created successfully."
 design_1 created successfully.
# puts "   Control BRAM @ 0x0000 (4 KiB)"
   Control BRAM @ 0x0000 (4 KiB)
# puts "   Pattern BRAM @ 0x1000 (4 KiB)"
   Pattern BRAM @ 0x1000 (4 KiB)
# puts "   Top: design_1_wrapper"
   Top: design_1_wrapper
# puts " Next: run synthesis / implementation."
 Next: run synthesis / implementation.
# puts "============================================================"
============================================================
INFO: [Common 17-206] Exiting Vivado at Tue Aug 11 19:29:28 2026...
